INFO:httpx:HTTP Request: GET http://test/api/instances/1/dashboard "HTTP/1.1 200 OK"
INFO:httpx:HTTP Request: POST http://test/api/instances/1/host-platforms "HTTP/1.1 200 OK"
INFO:httpx:HTTP Request: PATCH http://test/api/instances/1/host-platforms/1 "HTTP/1.1 409 Conflict"
INFO:httpx:HTTP Request: PATCH http://test/api/instances/1/host-platforms/1 "HTTP/1.1 409 Conflict"
budget_no_write {'capital_remaining': 400000}
budget_scope not_found
budget_scope not_found
budget_negative pack_digest pack_mismatch
budget_negative state_digest invalid_output
budget_negative commands invalid_output
dashboard_budget 400000
host_status_guard paused 409
host_status_guard completed 409
Traceback (most recent call last):
  File "/tmp/mis-sim-readiness-venv/lib/python3.12/site-packages/sqlalchemy/engine/base.py", line 1967, in _exec_single_context
    self.dialect.do_execute(
  File "/tmp/mis-sim-readiness-venv/lib/python3.12/site-packages/sqlalchemy/engine/default.py", line 941, in do_execute
    cursor.execute(statement, parameters)
sqlite3.IntegrityError: CHECK constraint failed: ck_simulation_instance_status

The above exception was the direct cause of the following exception:

Traceback (most recent call last):
  File "/tmp/mis_sim_backend_audit_probe.py", line 69, in <module>
    asyncio.run(api())
  File "/usr/lib/python3.12/asyncio/runners.py", line 194, in run
    return runner.run(main)
           ^^^^^^^^^^^^^^^^
  File "/usr/lib/python3.12/asyncio/runners.py", line 118, in run
    return self._loop.run_until_complete(task)
           ^^^^^^^^^^^^^^^^^^^^^^^^^^^^^^^^^^^
  File "/usr/lib/python3.12/asyncio/base_events.py", line 687, in run_until_complete
    return future.result()
           ^^^^^^^^^^^^^^^
  File "/tmp/mis_sim_backend_audit_probe.py", line 55, in api
    with Session(engine) as s: s.get(SimulationInstance,iid).status=status; s.commit()
                                                                            ^^^^^^^^^^
  File "/tmp/mis-sim-readiness-venv/lib/python3.12/site-packages/sqlalchemy/orm/session.py", line 2028, in commit
    trans.commit(_to_root=True)
  File "<string>", line 2, in commit
  File "/tmp/mis-sim-readiness-venv/lib/python3.12/site-packages/sqlalchemy/orm/state_changes.py", line 139, in _go
    ret_value = fn(self, *arg, **kw)
                ^^^^^^^^^^^^^^^^^^^^
  File "/tmp/mis-sim-readiness-venv/lib/python3.12/site-packages/sqlalchemy/orm/session.py", line 1313, in commit
    self._prepare_impl()
  File "<string>", line 2, in _prepare_impl
  File "/tmp/mis-sim-readiness-venv/lib/python3.12/site-packages/sqlalchemy/orm/state_changes.py", line 139, in _go
    ret_value = fn(self, *arg, **kw)
                ^^^^^^^^^^^^^^^^^^^^
  File "/tmp/mis-sim-readiness-venv/lib/python3.12/site-packages/sqlalchemy/orm/session.py", line 1288, in _prepare_impl
    self.session.flush()
  File "/tmp/mis-sim-readiness-venv/lib/python3.12/site-packages/sqlalchemy/orm/session.py", line 4352, in flush
    self._flush(objects)
  File "/tmp/mis-sim-readiness-venv/lib/python3.12/site-packages/sqlalchemy/orm/session.py", line 4487, in _flush
    with util.safe_reraise():
  File "/tmp/mis-sim-readiness-venv/lib/python3.12/site-packages/sqlalchemy/util/langhelpers.py", line 146, in __exit__
    raise exc_value.with_traceback(exc_tb)
  File "/tmp/mis-sim-readiness-venv/lib/python3.12/site-packages/sqlalchemy/orm/session.py", line 4448, in _flush
    flush_context.execute()
  File "/tmp/mis-sim-readiness-venv/lib/python3.12/site-packages/sqlalchemy/orm/unitofwork.py", line 466, in execute
    rec.execute(self)
  File "/tmp/mis-sim-readiness-venv/lib/python3.12/site-packages/sqlalchemy/orm/unitofwork.py", line 642, in execute
    util.preloaded.orm_persistence.save_obj(
  File "/tmp/mis-sim-readiness-venv/lib/python3.12/site-packages/sqlalchemy/orm/persistence.py", line 85, in save_obj
    _emit_update_statements(
  File "/tmp/mis-sim-readiness-venv/lib/python3.12/site-packages/sqlalchemy/orm/persistence.py", line 912, in _emit_update_statements
    c = connection.execute(
        ^^^^^^^^^^^^^^^^^^^
  File "/tmp/mis-sim-readiness-venv/lib/python3.12/site-packages/sqlalchemy/engine/base.py", line 1418, in execute
    return meth(
           ^^^^^
  File "/tmp/mis-sim-readiness-venv/lib/python3.12/site-packages/sqlalchemy/sql/elements.py", line 515, in _execute_on_connection
    return connection._execute_clauseelement(
           ^^^^^^^^^^^^^^^^^^^^^^^^^^^^^^^^^^
  File "/tmp/mis-sim-readiness-venv/lib/python3.12/site-packages/sqlalchemy/engine/base.py", line 1640, in _execute_clauseelement
    ret = self._execute_context(
          ^^^^^^^^^^^^^^^^^^^^^^
  File "/tmp/mis-sim-readiness-venv/lib/python3.12/site-packages/sqlalchemy/engine/base.py", line 1846, in _execute_context
    return self._exec_single_context(
           ^^^^^^^^^^^^^^^^^^^^^^^^^^
  File "/tmp/mis-sim-readiness-venv/lib/python3.12/site-packages/sqlalchemy/engine/base.py", line 1986, in _exec_single_context
    self._handle_dbapi_exception(
  File "/tmp/mis-sim-readiness-venv/lib/python3.12/site-packages/sqlalchemy/engine/base.py", line 2355, in _handle_dbapi_exception
    raise sqlalchemy_exception.with_traceback(exc_info[2]) from e
  File "/tmp/mis-sim-readiness-venv/lib/python3.12/site-packages/sqlalchemy/engine/base.py", line 1967, in _exec_single_context
    self.dialect.do_execute(
  File "/tmp/mis-sim-readiness-venv/lib/python3.12/site-packages/sqlalchemy/engine/default.py", line 941, in do_execute
    cursor.execute(statement, parameters)
sqlalchemy.exc.IntegrityError: (sqlite3.IntegrityError) CHECK constraint failed: ck_simulation_instance_status
[SQL: UPDATE simulation_instance SET status=? WHERE simulation_instance.instance_id = ?]
[parameters: ('archived', 1)]
(Background on this error at: https://sqlalche.me/e/20/gkpj)
