F                                                                        [100%]
=================================== FAILURES ===================================
_ test_scheduler_captured_entry_rejects_replacement_metadata[sqlite-lock_now] __

database = namespace(engine=Engine(sqlite:////tmp/pytest-of-ubuntu/pytest-48/test_scheduler_captured_entry_0/start.db), url='sqli...tion/supply_by_placement/saas/storage_gb":"GB"},"version":1}}')}, choices={1: 'cost_leadership', 2: 'differentiation'})
monkeypatch = <_pytest.monkeypatch.MonkeyPatch object at 0x7b692e535e80>
operation = 'lock_now'

    @pytest.mark.parametrize("operation", ["lock_now", "advance_now", "unlock"])
    def test_scheduler_captured_entry_rejects_replacement_metadata(database, monkeypatch, operation):
        db = database
        old = asyncio.run(start(db))["started_at"]
        add_schedule(db)
        now = datetime.now(timezone.utc)
        replacement = None
        original_scalar = Session.scalar
        with Session(db.engine) as session:
            def after_generation_read(current, statement, *args, **kwargs):
                nonlocal replacement
                result = original_scalar(current, statement, *args, **kwargs)
                if (current is session and replacement is None
                        and str(statement).startswith("SELECT simulation_instance.started_at")):
                    assert restart(db)["started_at"] != old
                    add_schedule(db)
                    if operation == "unlock":
                        # A real new-generation lock, not an inconsistent sentinel.
                        with Session(db.engine) as other:
                            assert Scheduler(other).lock_now(1, 1, now)["state"] == "locked"
                    replacement = snapshot(db)
                return result
            monkeypatch.setattr(Session, "scalar", after_generation_read)
            try:
                result = invoke(Scheduler(session), operation, now)
            except (SchedulingError, SimulationError):
                assert operation == "unlock"
            else:
                assert operation != "unlock"
                assert result["state"] == "failed" and result["failures"]
        assert replacement is not None
>       assert snapshot(db) == replacement
E       AssertionError: assert {'arch_edge':...', ...}], ...} == {'arch_edge':...', ...}], ...}
E         
E         Omitting 31 identical items, use -vv to show
E         Differing items:
E         {'round_schedule': [{'advanced_at': None, 'auto_advance': False, 'claim_token': None, 'claim_until': None, ...}]} != {'round_schedule': [{'advanced_at': None, 'auto_advance': False, 'claim_token': None, 'claim_until': None, ...}]}
E         Use -v to get more diff

/home/ubuntu/projects/mis-sim/backend/tests/test_instructor_start_scheduler.py:80: AssertionError
=============================== warnings summary ===============================
../mis-sim-readiness-venv/lib/python3.12/site-packages/passlib/utils/__init__.py:854
  /tmp/mis-sim-readiness-venv/lib/python3.12/site-packages/passlib/utils/__init__.py:854: DeprecationWarning: 'crypt' is deprecated and slated for removal in Python 3.13
    from crypt import crypt as _crypt

-- Docs: https://docs.pytest.org/en/stable/how-to/capture-warnings.html
=========================== short test summary info ============================
FAILED ../../home/ubuntu/projects/mis-sim/backend/tests/test_instructor_start_scheduler.py::test_scheduler_captured_entry_rejects_replacement_metadata[sqlite-lock_now]
1 failed, 1 warning in 3.95s
